[INFO] Scanning for projects...
[INFO]                                                                         
[INFO] ------------------------------------------------------------------------
[INFO] Building University Bookstore 1.0.0
[INFO] ------------------------------------------------------------------------
[INFO] 
[INFO] >>> spring-boot-maven-plugin:3.2.5:run (default-cli) > test-compile @ bookstore >>>
[INFO] 
[INFO] --- maven-resources-plugin:3.3.1:resources (default-resources) @ bookstore ---
[INFO] Copying 1 resource from src\main\resources to target\classes
[INFO] Copying 0 resource from src\main\resources to target\classes
[INFO] 
[INFO] --- maven-compiler-plugin:3.11.0:compile (default-compile) @ bookstore ---
[INFO] Nothing to compile - all classes are up to date
[INFO] 
[INFO] --- maven-resources-plugin:3.3.1:testResources (default-testResources) @ bookstore ---
[INFO] Copying 1 resource from src\test\resources to target\test-classes
[INFO] 
[INFO] --- maven-compiler-plugin:3.11.0:testCompile (default-testCompile) @ bookstore ---
[INFO] Nothing to compile - all classes are up to date
[INFO] 
[INFO] <<< spring-boot-maven-plugin:3.2.5:run (default-cli) < test-compile @ bookstore <<<
[INFO] 
[INFO] --- spring-boot-maven-plugin:3.2.5:run (default-cli) @ bookstore ---
[INFO] Attaching agents: []

  .   ____          _            __ _ _
 /\\ / ___'_ __ _ _(_)_ __  __ _ \ \ \ \
( ( )\___ | '_ | '_| | '_ \/ _` | \ \ \ \
 \\/  ___)| |_)| | | | | || (_| |  ) ) ) )
  '  |____| .__|_| |_|_| |_\__, | / / / /
 =========|_|==============|___/=/_/_/_/
 :: Spring Boot ::                (v3.2.5)

2026-05-02T14:38:08.494+05:30  INFO 10716 --- [           main] c.u.bookstore.BookstoreApplication       : Starting BookstoreApplication using Java 21.0.7 with PID 10716 (C:\Users\chara\Downloads\sga\target\classes started by chara in C:\Users\chara\Downloads\sga)
2026-05-02T14:38:08.497+05:30  INFO 10716 --- [           main] c.u.bookstore.BookstoreApplication       : No active profile set, falling back to 1 default profile: "default"
2026-05-02T14:38:09.406+05:30  INFO 10716 --- [           main] .s.d.r.c.RepositoryConfigurationDelegate : Bootstrapping Spring Data JPA repositories in DEFAULT mode.
2026-05-02T14:38:09.503+05:30  INFO 10716 --- [           main] .s.d.r.c.RepositoryConfigurationDelegate : Finished Spring Data repository scanning in 85 ms. Found 2 JPA repository interfaces.
2026-05-02T14:38:10.179+05:30  INFO 10716 --- [           main] o.s.b.w.embedded.tomcat.TomcatWebServer  : Tomcat initialized with port 8080 (http)
2026-05-02T14:38:10.199+05:30  INFO 10716 --- [           main] o.apache.catalina.core.StandardService   : Starting service [Tomcat]
2026-05-02T14:38:10.200+05:30  INFO 10716 --- [           main] o.apache.catalina.core.StandardEngine    : Starting Servlet engine: [Apache Tomcat/10.1.20]
2026-05-02T14:38:10.554+05:30  INFO 10716 --- [           main] org.apache.jasper.servlet.TldScanner     : At least one JAR was scanned for TLDs yet contained no TLDs. Enable debug logging for this logger for a complete list of JARs that were scanned but no TLDs were found in them. Skipping unneeded JARs during scanning can improve startup time and JSP compilation time.
2026-05-02T14:38:10.565+05:30  INFO 10716 --- [           main] o.a.c.c.C.[Tomcat].[localhost].[/]       : Initializing Spring embedded WebApplicationContext
2026-05-02T14:38:10.566+05:30  INFO 10716 --- [           main] w.s.c.ServletWebServerApplicationContext : Root WebApplicationContext: initialization completed in 2005 ms
2026-05-02T14:38:10.742+05:30  INFO 10716 --- [           main] o.hibernate.jpa.internal.util.LogHelper  : HHH000204: Processing PersistenceUnitInfo [name: default]
2026-05-02T14:38:10.824+05:30  INFO 10716 --- [           main] org.hibernate.Version                    : HHH000412: Hibernate ORM core version 6.4.4.Final
2026-05-02T14:38:10.871+05:30  INFO 10716 --- [           main] o.h.c.internal.RegionFactoryInitiator    : HHH000026: Second-level cache disabled
2026-05-02T14:38:11.186+05:30  INFO 10716 --- [           main] o.s.o.j.p.SpringPersistenceUnitInfo      : No LoadTimeWeaver setup: ignoring JPA class transformer
2026-05-02T14:38:11.222+05:30  INFO 10716 --- [           main] com.zaxxer.hikari.HikariDataSource       : HikariPool-1 - Starting...
2026-05-02T14:38:11.434+05:30  INFO 10716 --- [           main] com.zaxxer.hikari.pool.HikariPool        : HikariPool-1 - Added connection com.mysql.cj.jdbc.ConnectionImpl@7103745
2026-05-02T14:38:11.438+05:30  INFO 10716 --- [           main] com.zaxxer.hikari.HikariDataSource       : HikariPool-1 - Start completed.
2026-05-02T14:38:11.491+05:30  WARN 10716 --- [           main] org.hibernate.dialect.Dialect            : HHH000511: The 5.5.0 version for [org.hibernate.dialect.MySQLDialect] is no longer supported, hence certain features may not work properly. The minimum supported version is 8.0.0. Check the community dialects project for available legacy versions.
2026-05-02T14:38:11.498+05:30  WARN 10716 --- [           main] org.hibernate.orm.deprecation            : HHH90000025: MySQLDialect does not need to be specified explicitly using 'hibernate.dialect' (remove the property setting and it will be selected by default)
2026-05-02T14:38:12.800+05:30  INFO 10716 --- [           main] o.h.e.t.j.p.i.JtaPlatformInitiator       : HHH000489: No JTA platform available (set 'hibernate.transaction.jta.platform' to enable JTA platform integration)
2026-05-02T14:38:12.894+05:30  INFO 10716 --- [           main] j.LocalContainerEntityManagerFactoryBean : Initialized JPA EntityManagerFactory for persistence unit 'default'
2026-05-02T14:38:13.187+05:30  INFO 10716 --- [           main] o.s.d.j.r.query.QueryEnhancerFactory     : Hibernate is in classpath; If applicable, HQL parser will be used.
2026-05-02T14:38:13.784+05:30  WARN 10716 --- [           main] JpaBaseConfiguration$JpaWebConfiguration : spring.jpa.open-in-view is enabled by default. Therefore, database queries may be performed during view rendering. Explicitly configure spring.jpa.open-in-view to disable this warning
2026-05-02T14:38:14.213+05:30  INFO 10716 --- [           main] o.s.b.w.embedded.tomcat.TomcatWebServer  : Tomcat started on port 8080 (http) with context path ''
2026-05-02T14:38:14.226+05:30  INFO 10716 --- [           main] c.u.bookstore.BookstoreApplication       : Started BookstoreApplication in 6.423 seconds (process running for 6.976)
Hibernate: 
    select
        count(*) 
    from
        authors a1_0
2026-05-02T14:38:14.432+05:30  INFO 10716 --- [           main] c.u.bookstore.config.DataInitializer     : Database already contains data ΓÇö skipping initialization.
2026-05-02T14:39:02.767+05:30  INFO 10716 --- [nio-8080-exec-1] o.a.c.c.C.[Tomcat].[localhost].[/]       : Initializing Spring DispatcherServlet 'dispatcherServlet'
2026-05-02T14:39:02.768+05:30  INFO 10716 --- [nio-8080-exec-1] o.s.web.servlet.DispatcherServlet        : Initializing Servlet 'dispatcherServlet'
2026-05-02T14:39:02.769+05:30  INFO 10716 --- [nio-8080-exec-1] o.s.web.servlet.DispatcherServlet        : Completed initialization in 1 ms
Hibernate: 
    select
        b1_0.title,
        a1_0.name,
        b1_0.id,
        b1_0.genre,
        b1_0.published_year,
        b1_0.price 
    from
        books b1_0 
    join
        authors a1_0 
            on a1_0.id=b1_0.author_id
2026-05-02T14:39:03.020+05:30 ERROR 10716 --- [nio-8080-exec-1] o.a.c.c.C.[.[localhost].[/].[jsp]        : Servlet.service() for servlet [jsp] threw exception

org.apache.jasper.JasperException: /WEB-INF/views/layout/header.jsp (line: [1], column: [48]) [Include directive]: Mandatory attribute [file] missing
	at org.apache.jasper.compiler.DefaultErrorHandler.jspError(DefaultErrorHandler.java:41) ~[tomcat-embed-jasper-10.1.20.jar:10.1.20]
	at org.apache.jasper.compiler.ErrorDispatcher.dispatch(ErrorDispatcher.java:299) ~[tomcat-embed-jasper-10.1.20.jar:10.1.20]
	at org.apache.jasper.compiler.ErrorDispatcher.jspError(ErrorDispatcher.java:99) ~[tomcat-embed-jasper-10.1.20.jar:10.1.20]
	at org.apache.jasper.compiler.JspUtil.checkAttributes(JspUtil.java:187) ~[tomcat-embed-jasper-10.1.20.jar:10.1.20]
	at org.apache.jasper.compiler.Validator$ValidateVisitor.visit(Validator.java:562) ~[tomcat-embed-jasper-10.1.20.jar:10.1.20]
	at org.apache.jasper.compiler.Node$IncludeDirective.accept(Node.java:642) ~[tomcat-embed-jasper-10.1.20.jar:10.1.20]
	at org.apache.jasper.compiler.Node$Nodes.visit(Node.java:2383) ~[tomcat-embed-jasper-10.1.20.jar:10.1.20]
	at org.apache.jasper.compiler.Node$Visitor.visitBody(Node.java:2439) ~[tomcat-embed-jasper-10.1.20.jar:10.1.20]
	at org.apache.jasper.compiler.Node$Visitor.visit(Node.java:2445) ~[tomcat-embed-jasper-10.1.20.jar:10.1.20]
	at org.apache.jasper.compiler.Node$Root.accept(Node.java:469) ~[tomcat-embed-jasper-10.1.20.jar:10.1.20]
	at org.apache.jasper.compiler.Node$Nodes.visit(Node.java:2383) ~[tomcat-embed-jasper-10.1.20.jar:10.1.20]
	at org.apache.jasper.compiler.Node$Visitor.visitBody(Node.java:2439) ~[tomcat-embed-jasper-10.1.20.jar:10.1.20]
	at org.apache.jasper.compiler.Validator$ValidateVisitor.visit(Validator.java:564) ~[tomcat-embed-jasper-10.1.20.jar:10.1.20]
	at org.apache.jasper.compiler.Node$IncludeDirective.accept(Node.java:642) ~[tomcat-embed-jasper-10.1.20.jar:10.1.20]
	at org.apache.jasper.compiler.Node$Nodes.visit(Node.java:2383) ~[tomcat-embed-jasper-10.1.20.jar:10.1.20]
	at org.apache.jasper.compiler.Node$Visitor.visitBody(Node.java:2439) ~[tomcat-embed-jasper-10.1.20.jar:10.1.20]
	at org.apache.jasper.compiler.Node$Visitor.visit(Node.java:2445) ~[tomcat-embed-jasper-10.1.20.jar:10.1.20]
	at org.apache.jasper.compiler.Node$Root.accept(Node.java:469) ~[tomcat-embed-jasper-10.1.20.jar:10.1.20]
	at org.apache.jasper.compiler.Node$Nodes.visit(Node.java:2383) ~[tomcat-embed-jasper-10.1.20.jar:10.1.20]
	at org.apache.jasper.compiler.Validator.validateExDirectives(Validator.java:1885) ~[tomcat-embed-jasper-10.1.20.jar:10.1.20]
	at org.apache.jasper.compiler.Compiler.generateJava(Compiler.java:229) ~[tomcat-embed-jasper-10.1.20.jar:10.1.20]
	at org.apache.jasper.compiler.Compiler.compile(Compiler.java:396) ~[tomcat-embed-jasper-10.1.20.jar:10.1.20]
	at org.apache.jasper.compiler.Compiler.compile(Compiler.java:372) ~[tomcat-embed-jasper-10.1.20.jar:10.1.20]
	at org.apache.jasper.compiler.Compiler.compile(Compiler.java:356) ~[tomcat-embed-jasper-10.1.20.jar:10.1.20]
	at org.apache.jasper.JspCompilationContext.compile(JspCompilationContext.java:603) ~[tomcat-embed-jasper-10.1.20.jar:10.1.20]
	at org.apache.jasper.servlet.JspServletWrapper.service(JspServletWrapper.java:396) ~[tomcat-embed-jasper-10.1.20.jar:10.1.20]
	at org.apache.jasper.servlet.JspServlet.serviceJspFile(JspServlet.java:380) ~[tomcat-embed-jasper-10.1.20.jar:10.1.20]
	at org.apache.jasper.servlet.JspServlet.service(JspServlet.java:328) ~[tomcat-embed-jasper-10.1.20.jar:10.1.20]
	at jakarta.servlet.http.HttpServlet.service(HttpServlet.java:658) ~[tomcat-embed-core-10.1.20.jar:6.0]
	at org.apache.catalina.core.ApplicationFilterChain.internalDoFilter(ApplicationFilterChain.java:206) ~[tomcat-embed-core-10.1.20.jar:10.1.20]
	at org.apache.catalina.core.ApplicationFilterChain.doFilter(ApplicationFilterChain.java:150) ~[tomcat-embed-core-10.1.20.jar:10.1.20]
	at org.apache.tomcat.websocket.server.WsFilter.doFilter(WsFilter.java:51) ~[tomcat-embed-websocket-10.1.20.jar:10.1.20]
	at org.apache.catalina.core.ApplicationFilterChain.internalDoFilter(ApplicationFilterChain.java:175) ~[tomcat-embed-core-10.1.20.jar:10.1.20]
	at org.apache.catalina.core.ApplicationFilterChain.doFilter(ApplicationFilterChain.java:150) ~[tomcat-embed-core-10.1.20.jar:10.1.20]
	at org.springframework.web.filter.OncePerRequestFilter.doFilter(OncePerRequestFilter.java:110) ~[spring-web-6.1.6.jar:6.1.6]
	at org.apache.catalina.core.ApplicationFilterChain.internalDoFilter(ApplicationFilterChain.java:175) ~[tomcat-embed-core-10.1.20.jar:10.1.20]
	at org.apache.catalina.core.ApplicationFilterChain.doFilter(ApplicationFilterChain.java:150) ~[tomcat-embed-core-10.1.20.jar:10.1.20]
	at org.springframework.web.filter.OncePerRequestFilter.doFilter(OncePerRequestFilter.java:110) ~[spring-web-6.1.6.jar:6.1.6]
	at org.apache.catalina.core.ApplicationFilterChain.internalDoFilter(ApplicationFilterChain.java:175) ~[tomcat-embed-core-10.1.20.jar:10.1.20]
	at org.apache.catalina.core.ApplicationFilterChain.doFilter(ApplicationFilterChain.java:150) ~[tomcat-embed-core-10.1.20.jar:10.1.20]
	at org.springframework.web.filter.OncePerRequestFilter.doFilter(OncePerRequestFilter.java:110) ~[spring-web-6.1.6.jar:6.1.6]
	at org.apache.catalina.core.ApplicationFilterChain.internalDoFilter(ApplicationFilterChain.java:175) ~[tomcat-embed-core-10.1.20.jar:10.1.20]
	at org.apache.catalina.core.ApplicationFilterChain.doFilter(ApplicationFilterChain.java:150) ~[tomcat-embed-core-10.1.20.jar:10.1.20]
	at org.apache.catalina.core.ApplicationDispatcher.invoke(ApplicationDispatcher.java:653) ~[tomcat-embed-core-10.1.20.jar:10.1.20]
	at org.apache.catalina.core.ApplicationDispatcher.processRequest(ApplicationDispatcher.java:419) ~[tomcat-embed-core-10.1.20.jar:10.1.20]
	at org.apache.catalina.core.ApplicationDispatcher.doForward(ApplicationDispatcher.java:340) ~[tomcat-embed-core-10.1.20.jar:10.1.20]
	at org.apache.catalina.core.ApplicationDispatcher.forward(ApplicationDispatcher.java:277) ~[tomcat-embed-core-10.1.20.jar:10.1.20]
	at org.springframework.web.servlet.view.InternalResourceView.renderMergedOutputModel(InternalResourceView.java:171) ~[spring-webmvc-6.1.6.jar:6.1.6]
	at org.springframework.web.servlet.view.AbstractView.render(AbstractView.java:314) ~[spring-webmvc-6.1.6.jar:6.1.6]
	at org.springframework.web.servlet.DispatcherServlet.render(DispatcherServlet.java:1431) ~[spring-webmvc-6.1.6.jar:6.1.6]
	at org.springframework.web.servlet.DispatcherServlet.processDispatchResult(DispatcherServlet.java:1167) ~[spring-webmvc-6.1.6.jar:6.1.6]
	at org.springframework.web.servlet.DispatcherServlet.doDispatch(DispatcherServlet.java:1106) ~[spring-webmvc-6.1.6.jar:6.1.6]
	at org.springframework.web.servlet.DispatcherServlet.doService(DispatcherServlet.java:979) ~[spring-webmvc-6.1.6.jar:6.1.6]
	at org.springframework.web.servlet.FrameworkServlet.processRequest(FrameworkServlet.java:1014) ~[spring-webmvc-6.1.6.jar:6.1.6]
	at org.springframework.web.servlet.FrameworkServlet.doGet(FrameworkServlet.java:903) ~[spring-webmvc-6.1.6.jar:6.1.6]
	at jakarta.servlet.http.HttpServlet.service(HttpServlet.java:564) ~[tomcat-embed-core-10.1.20.jar:6.0]
	at org.springframework.web.servlet.FrameworkServlet.service(FrameworkServlet.java:885) ~[spring-webmvc-6.1.6.jar:6.1.6]
	at jakarta.servlet.http.HttpServlet.service(HttpServlet.java:658) ~[tomcat-embed-core-10.1.20.jar:6.0]
	at org.apache.catalina.core.ApplicationFilterChain.internalDoFilter(ApplicationFilterChain.java:206) ~[tomcat-embed-core-10.1.20.jar:10.1.20]
	at org.apache.catalina.core.ApplicationFilterChain.doFilter(ApplicationFilterChain.java:150) ~[tomcat-embed-core-10.1.20.jar:10.1.20]
	at org.apache.tomcat.websocket.server.WsFilter.doFilter(WsFilter.java:51) ~[tomcat-embed-websocket-10.1.20.jar:10.1.20]
	at org.apache.catalina.core.ApplicationFilterChain.internalDoFilter(ApplicationFilterChain.java:175) ~[tomcat-embed-core-10.1.20.jar:10.1.20]
	at org.apache.catalina.core.ApplicationFilterChain.doFilter(ApplicationFilterChain.java:150) ~[tomcat-embed-core-10.1.20.jar:10.1.20]
	at org.springframework.web.filter.RequestContextFilter.doFilterInternal(RequestContextFilter.java:100) ~[spring-web-6.1.6.jar:6.1.6]
	at org.springframework.web.filter.OncePerRequestFilter.doFilter(OncePerRequestFilter.java:116) ~[spring-web-6.1.6.jar:6.1.6]
	at org.apache.catalina.core.ApplicationFilterChain.internalDoFilter(ApplicationFilterChain.java:175) ~[tomcat-embed-core-10.1.20.jar:10.1.20]
	at org.apache.catalina.core.ApplicationFilterChain.doFilter(ApplicationFilterChain.java:150) ~[tomcat-embed-core-10.1.20.jar:10.1.20]
	at org.springframework.web.filter.FormContentFilter.doFilterInternal(FormContentFilter.java:93) ~[spring-web-6.1.6.jar:6.1.6]
	at org.springframework.web.filter.OncePerRequestFilter.doFilter(OncePerRequestFilter.java:116) ~[spring-web-6.1.6.jar:6.1.6]
	at org.apache.catalina.core.ApplicationFilterChain.internalDoFilter(ApplicationFilterChain.java:175) ~[tomcat-embed-core-10.1.20.jar:10.1.20]
	at org.apache.catalina.core.ApplicationFilterChain.doFilter(ApplicationFilterChain.java:150) ~[tomcat-embed-core-10.1.20.jar:10.1.20]
	at org.springframework.web.filter.CharacterEncodingFilter.doFilterInternal(CharacterEncodingFilter.java:201) ~[spring-web-6.1.6.jar:6.1.6]
	at org.springframework.web.filter.OncePerRequestFilter.doFilter(OncePerRequestFilter.java:116) ~[spring-web-6.1.6.jar:6.1.6]
	at org.apache.catalina.core.ApplicationFilterChain.internalDoFilter(ApplicationFilterChain.java:175) ~[tomcat-embed-core-10.1.20.jar:10.1.20]
	at org.apache.catalina.core.ApplicationFilterChain.doFilter(ApplicationFilterChain.java:150) ~[tomcat-embed-core-10.1.20.jar:10.1.20]
	at org.apache.catalina.core.StandardWrapperValve.invoke(StandardWrapperValve.java:167) ~[tomcat-embed-core-10.1.20.jar:10.1.20]
	at org.apache.catalina.core.StandardContextValve.invoke(StandardContextValve.java:90) ~[tomcat-embed-core-10.1.20.jar:10.1.20]
	at org.apache.catalina.authenticator.AuthenticatorBase.invoke(AuthenticatorBase.java:482) ~[tomcat-embed-core-10.1.20.jar:10.1.20]
	at org.apache.catalina.core.StandardHostValve.invoke(StandardHostValve.java:115) ~[tomcat-embed-core-10.1.20.jar:10.1.20]
	at org.apache.catalina.valves.ErrorReportValve.invoke(ErrorReportValve.java:93) ~[tomcat-embed-core-10.1.20.jar:10.1.20]
	at org.apache.catalina.core.StandardEngineValve.invoke(StandardEngineValve.java:74) ~[tomcat-embed-core-10.1.20.jar:10.1.20]
	at org.apache.catalina.connector.CoyoteAdapter.service(CoyoteAdapter.java:344) ~[tomcat-embed-core-10.1.20.jar:10.1.20]
	at org.apache.coyote.http11.Http11Processor.service(Http11Processor.java:391) ~[tomcat-embed-core-10.1.20.jar:10.1.20]
	at org.apache.coyote.AbstractProcessorLight.process(AbstractProcessorLight.java:63) ~[tomcat-embed-core-10.1.20.jar:10.1.20]
	at org.apache.coyote.AbstractProtocol$ConnectionHandler.process(AbstractProtocol.java:896) ~[tomcat-embed-core-10.1.20.jar:10.1.20]
	at org.apache.tomcat.util.net.NioEndpoint$SocketProcessor.doRun(NioEndpoint.java:1736) ~[tomcat-embed-core-10.1.20.jar:10.1.20]
	at org.apache.tomcat.util.net.SocketProcessorBase.run(SocketProcessorBase.java:52) ~[tomcat-embed-core-10.1.20.jar:10.1.20]
	at org.apache.tomcat.util.threads.ThreadPoolExecutor.runWorker(ThreadPoolExecutor.java:1191) ~[tomcat-embed-core-10.1.20.jar:10.1.20]
	at org.apache.tomcat.util.threads.ThreadPoolExecutor$Worker.run(ThreadPoolExecutor.java:659) ~[tomcat-embed-core-10.1.20.jar:10.1.20]
	at org.apache.tomcat.util.threads.TaskThread$WrappingRunnable.run(TaskThread.java:63) ~[tomcat-embed-core-10.1.20.jar:10.1.20]
	at java.base/java.lang.Thread.run(Thread.java:1583) ~[na:na]

2026-05-02T14:39:03.026+05:30 ERROR 10716 --- [nio-8080-exec-1] o.a.c.c.C.[.[.[/].[dispatcherServlet]    : Servlet.service() for servlet [dispatcherServlet] in context with path [] threw exception [/WEB-INF/views/layout/header.jsp (line: [1], column: [48]) [Include directive]: Mandatory attribute [file] missing] with root cause

org.apache.jasper.JasperException: /WEB-INF/views/layout/header.jsp (line: [1], column: [48]) [Include directive]: Mandatory attribute [file] missing
	at org.apache.jasper.compiler.DefaultErrorHandler.jspError(DefaultErrorHandler.java:41) ~[tomcat-embed-jasper-10.1.20.jar:10.1.20]
	at org.apache.jasper.compiler.ErrorDispatcher.dispatch(ErrorDispatcher.java:299) ~[tomcat-embed-jasper-10.1.20.jar:10.1.20]
	at org.apache.jasper.compiler.ErrorDispatcher.jspError(ErrorDispatcher.java:99) ~[tomcat-embed-jasper-10.1.20.jar:10.1.20]
	at org.apache.jasper.compiler.JspUtil.checkAttributes(JspUtil.java:187) ~[tomcat-embed-jasper-10.1.20.jar:10.1.20]
	at org.apache.jasper.compiler.Validator$ValidateVisitor.visit(Validator.java:562) ~[tomcat-embed-jasper-10.1.20.jar:10.1.20]
	at org.apache.jasper.compiler.Node$IncludeDirective.accept(Node.java:642) ~[tomcat-embed-jasper-10.1.20.jar:10.1.20]
	at org.apache.jasper.compiler.Node$Nodes.visit(Node.java:2383) ~[tomcat-embed-jasper-10.1.20.jar:10.1.20]
	at org.apache.jasper.compiler.Node$Visitor.visitBody(Node.java:2439) ~[tomcat-embed-jasper-10.1.20.jar:10.1.20]
	at org.apache.jasper.compiler.Node$Visitor.visit(Node.java:2445) ~[tomcat-embed-jasper-10.1.20.jar:10.1.20]
	at org.apache.jasper.compiler.Node$Root.accept(Node.java:469) ~[tomcat-embed-jasper-10.1.20.jar:10.1.20]
	at org.apache.jasper.compiler.Node$Nodes.visit(Node.java:2383) ~[tomcat-embed-jasper-10.1.20.jar:10.1.20]
	at org.apache.jasper.compiler.Node$Visitor.visitBody(Node.java:2439) ~[tomcat-embed-jasper-10.1.20.jar:10.1.20]
	at org.apache.jasper.compiler.Validator$ValidateVisitor.visit(Validator.java:564) ~[tomcat-embed-jasper-10.1.20.jar:10.1.20]
	at org.apache.jasper.compiler.Node$IncludeDirective.accept(Node.java:642) ~[tomcat-embed-jasper-10.1.20.jar:10.1.20]
	at org.apache.jasper.compiler.Node$Nodes.visit(Node.java:2383) ~[tomcat-embed-jasper-10.1.20.jar:10.1.20]
	at org.apache.jasper.compiler.Node$Visitor.visitBody(Node.java:2439) ~[tomcat-embed-jasper-10.1.20.jar:10.1.20]
	at org.apache.jasper.compiler.Node$Visitor.visit(Node.java:2445) ~[tomcat-embed-jasper-10.1.20.jar:10.1.20]
	at org.apache.jasper.compiler.Node$Root.accept(Node.java:469) ~[tomcat-embed-jasper-10.1.20.jar:10.1.20]
	at org.apache.jasper.compiler.Node$Nodes.visit(Node.java:2383) ~[tomcat-embed-jasper-10.1.20.jar:10.1.20]
	at org.apache.jasper.compiler.Validator.validateExDirectives(Validator.java:1885) ~[tomcat-embed-jasper-10.1.20.jar:10.1.20]
	at org.apache.jasper.compiler.Compiler.generateJava(Compiler.java:229) ~[tomcat-embed-jasper-10.1.20.jar:10.1.20]
	at org.apache.jasper.compiler.Compiler.compile(Compiler.java:396) ~[tomcat-embed-jasper-10.1.20.jar:10.1.20]
	at org.apache.jasper.compiler.Compiler.compile(Compiler.java:372) ~[tomcat-embed-jasper-10.1.20.jar:10.1.20]
	at org.apache.jasper.compiler.Compiler.compile(Compiler.java:356) ~[tomcat-embed-jasper-10.1.20.jar:10.1.20]
	at org.apache.jasper.JspCompilationContext.compile(JspCompilationContext.java:603) ~[tomcat-embed-jasper-10.1.20.jar:10.1.20]
	at org.apache.jasper.servlet.JspServletWrapper.service(JspServletWrapper.java:396) ~[tomcat-embed-jasper-10.1.20.jar:10.1.20]
	at org.apache.jasper.servlet.JspServlet.serviceJspFile(JspServlet.java:380) ~[tomcat-embed-jasper-10.1.20.jar:10.1.20]
	at org.apache.jasper.servlet.JspServlet.service(JspServlet.java:328) ~[tomcat-embed-jasper-10.1.20.jar:10.1.20]
	at jakarta.servlet.http.HttpServlet.service(HttpServlet.java:658) ~[tomcat-embed-core-10.1.20.jar:6.0]
	at org.apache.catalina.core.ApplicationFilterChain.internalDoFilter(ApplicationFilterChain.java:206) ~[tomcat-embed-core-10.1.20.jar:10.1.20]
	at org.apache.catalina.core.ApplicationFilterChain.doFilter(ApplicationFilterChain.java:150) ~[tomcat-embed-core-10.1.20.jar:10.1.20]
	at org.apache.tomcat.websocket.server.WsFilter.doFilter(WsFilter.java:51) ~[tomcat-embed-websocket-10.1.20.jar:10.1.20]
	at org.apache.catalina.core.ApplicationFilterChain.internalDoFilter(ApplicationFilterChain.java:175) ~[tomcat-embed-core-10.1.20.jar:10.1.20]
	at org.apache.catalina.core.ApplicationFilterChain.doFilter(ApplicationFilterChain.java:150) ~[tomcat-embed-core-10.1.20.jar:10.1.20]
	at org.springframework.web.filter.OncePerRequestFilter.doFilter(OncePerRequestFilter.java:110) ~[spring-web-6.1.6.jar:6.1.6]
	at org.apache.catalina.core.ApplicationFilterChain.internalDoFilter(ApplicationFilterChain.java:175) ~[tomcat-embed-core-10.1.20.jar:10.1.20]
	at org.apache.catalina.core.ApplicationFilterChain.doFilter(ApplicationFilterChain.java:150) ~[tomcat-embed-core-10.1.20.jar:10.1.20]
	at org.springframework.web.filter.OncePerRequestFilter.doFilter(OncePerRequestFilter.java:110) ~[spring-web-6.1.6.jar:6.1.6]
	at org.apache.catalina.core.ApplicationFilterChain.internalDoFilter(ApplicationFilterChain.java:175) ~[tomcat-embed-core-10.1.20.jar:10.1.20]
	at org.apache.catalina.core.ApplicationFilterChain.doFilter(ApplicationFilterChain.java:150) ~[tomcat-embed-core-10.1.20.jar:10.1.20]
	at org.springframework.web.filter.OncePerRequestFilter.doFilter(OncePerRequestFilter.java:110) ~[spring-web-6.1.6.jar:6.1.6]
	at org.apache.catalina.core.ApplicationFilterChain.internalDoFilter(ApplicationFilterChain.java:175) ~[tomcat-embed-core-10.1.20.jar:10.1.20]
	at org.apache.catalina.core.ApplicationFilterChain.doFilter(ApplicationFilterChain.java:150) ~[tomcat-embed-core-10.1.20.jar:10.1.20]
	at org.apache.catalina.core.ApplicationDispatcher.invoke(ApplicationDispatcher.java:653) ~[tomcat-embed-core-10.1.20.jar:10.1.20]
	at org.apache.catalina.core.ApplicationDispatcher.processRequest(ApplicationDispatcher.java:419) ~[tomcat-embed-core-10.1.20.jar:10.1.20]
	at org.apache.catalina.core.ApplicationDispatcher.doForward(ApplicationDispatcher.java:340) ~[tomcat-embed-core-10.1.20.jar:10.1.20]
	at org.apache.catalina.core.ApplicationDispatcher.forward(ApplicationDispatcher.java:277) ~[tomcat-embed-core-10.1.20.jar:10.1.20]
	at org.springframework.web.servlet.view.InternalResourceView.renderMergedOutputModel(InternalResourceView.java:171) ~[spring-webmvc-6.1.6.jar:6.1.6]
	at org.springframework.web.servlet.view.AbstractView.render(AbstractView.java:314) ~[spring-webmvc-6.1.6.jar:6.1.6]
	at org.springframework.web.servlet.DispatcherServlet.render(DispatcherServlet.java:1431) ~[spring-webmvc-6.1.6.jar:6.1.6]
	at org.springframework.web.servlet.DispatcherServlet.processDispatchResult(DispatcherServlet.java:1167) ~[spring-webmvc-6.1.6.jar:6.1.6]
	at org.springframework.web.servlet.DispatcherServlet.doDispatch(DispatcherServlet.java:1106) ~[spring-webmvc-6.1.6.jar:6.1.6]
	at org.springframework.web.servlet.DispatcherServlet.doService(DispatcherServlet.java:979) ~[spring-webmvc-6.1.6.jar:6.1.6]
	at org.springframework.web.servlet.FrameworkServlet.processRequest(FrameworkServlet.java:1014) ~[spring-webmvc-6.1.6.jar:6.1.6]
	at org.springframework.web.servlet.FrameworkServlet.doGet(FrameworkServlet.java:903) ~[spring-webmvc-6.1.6.jar:6.1.6]
	at jakarta.servlet.http.HttpServlet.service(HttpServlet.java:564) ~[tomcat-embed-core-10.1.20.jar:6.0]
	at org.springframework.web.servlet.FrameworkServlet.service(FrameworkServlet.java:885) ~[spring-webmvc-6.1.6.jar:6.1.6]
	at jakarta.servlet.http.HttpServlet.service(HttpServlet.java:658) ~[tomcat-embed-core-10.1.20.jar:6.0]
	at org.apache.catalina.core.ApplicationFilterChain.internalDoFilter(ApplicationFilterChain.java:206) ~[tomcat-embed-core-10.1.20.jar:10.1.20]
	at org.apache.catalina.core.ApplicationFilterChain.doFilter(ApplicationFilterChain.java:150) ~[tomcat-embed-core-10.1.20.jar:10.1.20]
	at org.apache.tomcat.websocket.server.WsFilter.doFilter(WsFilter.java:51) ~[tomcat-embed-websocket-10.1.20.jar:10.1.20]
	at org.apache.catalina.core.ApplicationFilterChain.internalDoFilter(ApplicationFilterChain.java:175) ~[tomcat-embed-core-10.1.20.jar:10.1.20]
	at org.apache.catalina.core.ApplicationFilterChain.doFilter(ApplicationFilterChain.java:150) ~[tomcat-embed-core-10.1.20.jar:10.1.20]
	at org.springframework.web.filter.RequestContextFilter.doFilterInternal(RequestContextFilter.java:100) ~[spring-web-6.1.6.jar:6.1.6]
	at org.springframework.web.filter.OncePerRequestFilter.doFilter(OncePerRequestFilter.java:116) ~[spring-web-6.1.6.jar:6.1.6]
	at org.apache.catalina.core.ApplicationFilterChain.internalDoFilter(ApplicationFilterChain.java:175) ~[tomcat-embed-core-10.1.20.jar:10.1.20]
	at org.apache.catalina.core.ApplicationFilterChain.doFilter(ApplicationFilterChain.java:150) ~[tomcat-embed-core-10.1.20.jar:10.1.20]
	at org.springframework.web.filter.FormContentFilter.doFilterInternal(FormContentFilter.java:93) ~[spring-web-6.1.6.jar:6.1.6]
	at org.springframework.web.filter.OncePerRequestFilter.doFilter(OncePerRequestFilter.java:116) ~[spring-web-6.1.6.jar:6.1.6]
	at org.apache.catalina.core.ApplicationFilterChain.internalDoFilter(ApplicationFilterChain.java:175) ~[tomcat-embed-core-10.1.20.jar:10.1.20]
	at org.apache.catalina.core.ApplicationFilterChain.doFilter(ApplicationFilterChain.java:150) ~[tomcat-embed-core-10.1.20.jar:10.1.20]
	at org.springframework.web.filter.CharacterEncodingFilter.doFilterInternal(CharacterEncodingFilter.java:201) ~[spring-web-6.1.6.jar:6.1.6]
	at org.springframework.web.filter.OncePerRequestFilter.doFilter(OncePerRequestFilter.java:116) ~[spring-web-6.1.6.jar:6.1.6]
	at org.apache.catalina.core.ApplicationFilterChain.internalDoFilter(ApplicationFilterChain.java:175) ~[tomcat-embed-core-10.1.20.jar:10.1.20]
	at org.apache.catalina.core.ApplicationFilterChain.doFilter(ApplicationFilterChain.java:150) ~[tomcat-embed-core-10.1.20.jar:10.1.20]
	at org.apache.catalina.core.StandardWrapperValve.invoke(StandardWrapperValve.java:167) ~[tomcat-embed-core-10.1.20.jar:10.1.20]
	at org.apache.catalina.core.StandardContextValve.invoke(StandardContextValve.java:90) ~[tomcat-embed-core-10.1.20.jar:10.1.20]
	at org.apache.catalina.authenticator.AuthenticatorBase.invoke(AuthenticatorBase.java:482) ~[tomcat-embed-core-10.1.20.jar:10.1.20]
	at org.apache.catalina.core.StandardHostValve.invoke(StandardHostValve.java:115) ~[tomcat-embed-core-10.1.20.jar:10.1.20]
	at org.apache.catalina.valves.ErrorReportValve.invoke(ErrorReportValve.java:93) ~[tomcat-embed-core-10.1.20.jar:10.1.20]
	at org.apache.catalina.core.StandardEngineValve.invoke(StandardEngineValve.java:74) ~[tomcat-embed-core-10.1.20.jar:10.1.20]
	at org.apache.catalina.connector.CoyoteAdapter.service(CoyoteAdapter.java:344) ~[tomcat-embed-core-10.1.20.jar:10.1.20]
	at org.apache.coyote.http11.Http11Processor.service(Http11Processor.java:391) ~[tomcat-embed-core-10.1.20.jar:10.1.20]
	at org.apache.coyote.AbstractProcessorLight.process(AbstractProcessorLight.java:63) ~[tomcat-embed-core-10.1.20.jar:10.1.20]
	at org.apache.coyote.AbstractProtocol$ConnectionHandler.process(AbstractProtocol.java:896) ~[tomcat-embed-core-10.1.20.jar:10.1.20]
	at org.apache.tomcat.util.net.NioEndpoint$SocketProcessor.doRun(NioEndpoint.java:1736) ~[tomcat-embed-core-10.1.20.jar:10.1.20]
	at org.apache.tomcat.util.net.SocketProcessorBase.run(SocketProcessorBase.java:52) ~[tomcat-embed-core-10.1.20.jar:10.1.20]
	at org.apache.tomcat.util.threads.ThreadPoolExecutor.runWorker(ThreadPoolExecutor.java:1191) ~[tomcat-embed-core-10.1.20.jar:10.1.20]
	at org.apache.tomcat.util.threads.ThreadPoolExecutor$Worker.run(ThreadPoolExecutor.java:659) ~[tomcat-embed-core-10.1.20.jar:10.1.20]
	at org.apache.tomcat.util.threads.TaskThread$WrappingRunnable.run(TaskThread.java:63) ~[tomcat-embed-core-10.1.20.jar:10.1.20]
	at java.base/java.lang.Thread.run(Thread.java:1583) ~[na:na]

2026-05-02T14:39:03.037+05:30 ERROR 10716 --- [nio-8080-exec-1] o.a.c.c.C.[.[localhost].[/].[jsp]        : Servlet.service() for servlet [jsp] threw exception

org.apache.jasper.JasperException: /WEB-INF/views/layout/header.jsp (line: [1], column: [48]) [Include directive]: Mandatory attribute [file] missing
	at org.apache.jasper.compiler.DefaultErrorHandler.jspError(DefaultErrorHandler.java:41) ~[tomcat-embed-jasper-10.1.20.jar:10.1.20]
	at org.apache.jasper.compiler.ErrorDispatcher.dispatch(ErrorDispatcher.java:299) ~[tomcat-embed-jasper-10.1.20.jar:10.1.20]
	at org.apache.jasper.compiler.ErrorDispatcher.jspError(ErrorDispatcher.java:99) ~[tomcat-embed-jasper-10.1.20.jar:10.1.20]
	at org.apache.jasper.compiler.JspUtil.checkAttributes(JspUtil.java:187) ~[tomcat-embed-jasper-10.1.20.jar:10.1.20]
	at org.apache.jasper.compiler.Validator$ValidateVisitor.visit(Validator.java:562) ~[tomcat-embed-jasper-10.1.20.jar:10.1.20]
	at org.apache.jasper.compiler.Node$IncludeDirective.accept(Node.java:642) ~[tomcat-embed-jasper-10.1.20.jar:10.1.20]
	at org.apache.jasper.compiler.Node$Nodes.visit(Node.java:2383) ~[tomcat-embed-jasper-10.1.20.jar:10.1.20]
	at org.apache.jasper.compiler.Node$Visitor.visitBody(Node.java:2439) ~[tomcat-embed-jasper-10.1.20.jar:10.1.20]
	at org.apache.jasper.compiler.Node$Visitor.visit(Node.java:2445) ~[tomcat-embed-jasper-10.1.20.jar:10.1.20]
	at org.apache.jasper.compiler.Node$Root.accept(Node.java:469) ~[tomcat-embed-jasper-10.1.20.jar:10.1.20]
	at org.apache.jasper.compiler.Node$Nodes.visit(Node.java:2383) ~[tomcat-embed-jasper-10.1.20.jar:10.1.20]
	at org.apache.jasper.compiler.Node$Visitor.visitBody(Node.java:2439) ~[tomcat-embed-jasper-10.1.20.jar:10.1.20]
	at org.apache.jasper.compiler.Validator$ValidateVisitor.visit(Validator.java:564) ~[tomcat-embed-jasper-10.1.20.jar:10.1.20]
	at org.apache.jasper.compiler.Node$IncludeDirective.accept(Node.java:642) ~[tomcat-embed-jasper-10.1.20.jar:10.1.20]
	at org.apache.jasper.compiler.Node$Nodes.visit(Node.java:2383) ~[tomcat-embed-jasper-10.1.20.jar:10.1.20]
	at org.apache.jasper.compiler.Node$Visitor.visitBody(Node.java:2439) ~[tomcat-embed-jasper-10.1.20.jar:10.1.20]
	at org.apache.jasper.compiler.Node$Visitor.visit(Node.java:2445) ~[tomcat-embed-jasper-10.1.20.jar:10.1.20]
	at org.apache.jasper.compiler.Node$Root.accept(Node.java:469) ~[tomcat-embed-jasper-10.1.20.jar:10.1.20]
	at org.apache.jasper.compiler.Node$Nodes.visit(Node.java:2383) ~[tomcat-embed-jasper-10.1.20.jar:10.1.20]
	at org.apache.jasper.compiler.Validator.validateExDirectives(Validator.java:1885) ~[tomcat-embed-jasper-10.1.20.jar:10.1.20]
	at org.apache.jasper.compiler.Compiler.generateJava(Compiler.java:229) ~[tomcat-embed-jasper-10.1.20.jar:10.1.20]
	at org.apache.jasper.compiler.Compiler.compile(Compiler.java:396) ~[tomcat-embed-jasper-10.1.20.jar:10.1.20]
	at org.apache.jasper.compiler.Compiler.compile(Compiler.java:372) ~[tomcat-embed-jasper-10.1.20.jar:10.1.20]
	at org.apache.jasper.compiler.Compiler.compile(Compiler.java:356) ~[tomcat-embed-jasper-10.1.20.jar:10.1.20]
	at org.apache.jasper.JspCompilationContext.compile(JspCompilationContext.java:603) ~[tomcat-embed-jasper-10.1.20.jar:10.1.20]
	at org.apache.jasper.servlet.JspServletWrapper.service(JspServletWrapper.java:396) ~[tomcat-embed-jasper-10.1.20.jar:10.1.20]
	at org.apache.jasper.servlet.JspServlet.serviceJspFile(JspServlet.java:380) ~[tomcat-embed-jasper-10.1.20.jar:10.1.20]
	at org.apache.jasper.servlet.JspServlet.service(JspServlet.java:328) ~[tomcat-embed-jasper-10.1.20.jar:10.1.20]
	at jakarta.servlet.http.HttpServlet.service(HttpServlet.java:658) ~[tomcat-embed-core-10.1.20.jar:6.0]
	at org.apache.catalina.core.ApplicationFilterChain.internalDoFilter(ApplicationFilterChain.java:206) ~[tomcat-embed-core-10.1.20.jar:10.1.20]
	at org.apache.catalina.core.ApplicationFilterChain.doFilter(ApplicationFilterChain.java:150) ~[tomcat-embed-core-10.1.20.jar:10.1.20]
	at org.springframework.web.filter.OncePerRequestFilter.doFilterNestedErrorDispatch(OncePerRequestFilter.java:248) ~[spring-web-6.1.6.jar:6.1.6]
	at org.springframework.web.filter.OncePerRequestFilter.doFilter(OncePerRequestFilter.java:105) ~[spring-web-6.1.6.jar:6.1.6]
	at org.apache.catalina.core.ApplicationFilterChain.internalDoFilter(ApplicationFilterChain.java:175) ~[tomcat-embed-core-10.1.20.jar:10.1.20]
	at org.apache.catalina.core.ApplicationFilterChain.doFilter(ApplicationFilterChain.java:150) ~[tomcat-embed-core-10.1.20.jar:10.1.20]
	at org.springframework.web.filter.OncePerRequestFilter.doFilter(OncePerRequestFilter.java:101) ~[spring-web-6.1.6.jar:6.1.6]
	at org.apache.catalina.core.ApplicationFilterChain.internalDoFilter(ApplicationFilterChain.java:175) ~[tomcat-embed-core-10.1.20.jar:10.1.20]
	at org.apache.catalina.core.ApplicationFilterChain.doFilter(ApplicationFilterChain.java:150) ~[tomcat-embed-core-10.1.20.jar:10.1.20]
	at org.springframework.web.filter.OncePerRequestFilter.doFilter(OncePerRequestFilter.java:101) ~[spring-web-6.1.6.jar:6.1.6]
	at org.apache.catalina.core.ApplicationFilterChain.internalDoFilter(ApplicationFilterChain.java:175) ~[tomcat-embed-core-10.1.20.jar:10.1.20]
	at org.apache.catalina.core.ApplicationFilterChain.doFilter(ApplicationFilterChain.java:150) ~[tomcat-embed-core-10.1.20.jar:10.1.20]
	at org.apache.catalina.core.ApplicationDispatcher.invoke(ApplicationDispatcher.java:653) ~[tomcat-embed-core-10.1.20.jar:10.1.20]
	at org.apache.catalina.core.ApplicationDispatcher.processRequest(ApplicationDispatcher.java:421) ~[tomcat-embed-core-10.1.20.jar:10.1.20]
	at org.apache.catalina.core.ApplicationDispatcher.doForward(ApplicationDispatcher.java:340) ~[tomcat-embed-core-10.1.20.jar:10.1.20]
	at org.apache.catalina.core.ApplicationDispatcher.forward(ApplicationDispatcher.java:277) ~[tomcat-embed-core-10.1.20.jar:10.1.20]
	at org.springframework.web.servlet.view.InternalResourceView.renderMergedOutputModel(InternalResourceView.java:171) ~[spring-webmvc-6.1.6.jar:6.1.6]
	at org.springframework.web.servlet.view.AbstractView.render(AbstractView.java:314) ~[spring-webmvc-6.1.6.jar:6.1.6]
	at org.springframework.web.servlet.DispatcherServlet.render(DispatcherServlet.java:1431) ~[spring-webmvc-6.1.6.jar:6.1.6]
	at org.springframework.web.servlet.DispatcherServlet.processDispatchResult(DispatcherServlet.java:1167) ~[spring-webmvc-6.1.6.jar:6.1.6]
	at org.springframework.web.servlet.DispatcherServlet.doDispatch(DispatcherServlet.java:1106) ~[spring-webmvc-6.1.6.jar:6.1.6]
	at org.springframework.web.servlet.DispatcherServlet.doService(DispatcherServlet.java:979) ~[spring-webmvc-6.1.6.jar:6.1.6]
	at org.springframework.web.servlet.FrameworkServlet.processRequest(FrameworkServlet.java:1014) ~[spring-webmvc-6.1.6.jar:6.1.6]
	at org.springframework.web.servlet.FrameworkServlet.doGet(FrameworkServlet.java:903) ~[spring-webmvc-6.1.6.jar:6.1.6]
	at jakarta.servlet.http.HttpServlet.service(HttpServlet.java:564) ~[tomcat-embed-core-10.1.20.jar:6.0]
	at org.springframework.web.servlet.FrameworkServlet.service(FrameworkServlet.java:885) ~[spring-webmvc-6.1.6.jar:6.1.6]
	at jakarta.servlet.http.HttpServlet.service(HttpServlet.java:658) ~[tomcat-embed-core-10.1.20.jar:6.0]
	at org.apache.catalina.core.ApplicationFilterChain.internalDoFilter(ApplicationFilterChain.java:206) ~[tomcat-embed-core-10.1.20.jar:10.1.20]
	at org.apache.catalina.core.ApplicationFilterChain.doFilter(ApplicationFilterChain.java:150) ~[tomcat-embed-core-10.1.20.jar:10.1.20]
	at org.springframework.web.filter.RequestContextFilter.doFilterInternal(RequestContextFilter.java:100) ~[spring-web-6.1.6.jar:6.1.6]
	at org.springframework.web.filter.OncePerRequestFilter.doFilter(OncePerRequestFilter.java:116) ~[spring-web-6.1.6.jar:6.1.6]
	at org.apache.catalina.core.ApplicationFilterChain.internalDoFilter(ApplicationFilterChain.java:175) ~[tomcat-embed-core-10.1.20.jar:10.1.20]
	at org.apache.catalina.core.ApplicationFilterChain.doFilter(ApplicationFilterChain.java:150) ~[tomcat-embed-core-10.1.20.jar:10.1.20]
	at org.springframework.web.filter.OncePerRequestFilter.doFilter(OncePerRequestFilter.java:101) ~[spring-web-6.1.6.jar:6.1.6]
	at org.apache.catalina.core.ApplicationFilterChain.internalDoFilter(ApplicationFilterChain.java:175) ~[tomcat-embed-core-10.1.20.jar:10.1.20]
	at org.apache.catalina.core.ApplicationFilterChain.doFilter(ApplicationFilterChain.java:150) ~[tomcat-embed-core-10.1.20.jar:10.1.20]
	at org.springframework.web.filter.OncePerRequestFilter.doFilter(OncePerRequestFilter.java:101) ~[spring-web-6.1.6.jar:6.1.6]
	at org.apache.catalina.core.ApplicationFilterChain.internalDoFilter(ApplicationFilterChain.java:175) ~[tomcat-embed-core-10.1.20.jar:10.1.20]
	at org.apache.catalina.core.ApplicationFilterChain.doFilter(ApplicationFilterChain.java:150) ~[tomcat-embed-core-10.1.20.jar:10.1.20]
	at org.apache.catalina.core.ApplicationDispatcher.invoke(ApplicationDispatcher.java:653) ~[tomcat-embed-core-10.1.20.jar:10.1.20]
	at org.apache.catalina.core.ApplicationDispatcher.processRequest(ApplicationDispatcher.java:421) ~[tomcat-embed-core-10.1.20.jar:10.1.20]
	at org.apache.catalina.core.ApplicationDispatcher.doForward(ApplicationDispatcher.java:340) ~[tomcat-embed-core-10.1.20.jar:10.1.20]
	at org.apache.catalina.core.ApplicationDispatcher.forward(ApplicationDispatcher.java:277) ~[tomcat-embed-core-10.1.20.jar:10.1.20]
	at org.apache.catalina.core.StandardHostValve.custom(StandardHostValve.java:362) ~[tomcat-embed-core-10.1.20.jar:10.1.20]
	at org.apache.catalina.core.StandardHostValve.status(StandardHostValve.java:222) ~[tomcat-embed-core-10.1.20.jar:10.1.20]
	at org.apache.catalina.core.StandardHostValve.throwable(StandardHostValve.java:308) ~[tomcat-embed-core-10.1.20.jar:10.1.20]
	at org.apache.catalina.core.StandardHostValve.invoke(StandardHostValve.java:149) ~[tomcat-embed-core-10.1.20.jar:10.1.20]
	at org.apache.catalina.valves.ErrorReportValve.invoke(ErrorReportValve.java:93) ~[tomcat-embed-core-10.1.20.jar:10.1.20]
	at org.apache.catalina.core.StandardEngineValve.invoke(StandardEngineValve.java:74) ~[tomcat-embed-core-10.1.20.jar:10.1.20]
	at org.apache.catalina.connector.CoyoteAdapter.service(CoyoteAdapter.java:344) ~[tomcat-embed-core-10.1.20.jar:10.1.20]
	at org.apache.coyote.http11.Http11Processor.service(Http11Processor.java:391) ~[tomcat-embed-core-10.1.20.jar:10.1.20]
	at org.apache.coyote.AbstractProcessorLight.process(AbstractProcessorLight.java:63) ~[tomcat-embed-core-10.1.20.jar:10.1.20]
	at org.apache.coyote.AbstractProtocol$ConnectionHandler.process(AbstractProtocol.java:896) ~[tomcat-embed-core-10.1.20.jar:10.1.20]
	at org.apache.tomcat.util.net.NioEndpoint$SocketProcessor.doRun(NioEndpoint.java:1736) ~[tomcat-embed-core-10.1.20.jar:10.1.20]
	at org.apache.tomcat.util.net.SocketProcessorBase.run(SocketProcessorBase.java:52) ~[tomcat-embed-core-10.1.20.jar:10.1.20]
	at org.apache.tomcat.util.threads.ThreadPoolExecutor.runWorker(ThreadPoolExecutor.java:1191) ~[tomcat-embed-core-10.1.20.jar:10.1.20]
	at org.apache.tomcat.util.threads.ThreadPoolExecutor$Worker.run(ThreadPoolExecutor.java:659) ~[tomcat-embed-core-10.1.20.jar:10.1.20]
	at org.apache.tomcat.util.threads.TaskThread$WrappingRunnable.run(TaskThread.java:63) ~[tomcat-embed-core-10.1.20.jar:10.1.20]
	at java.base/java.lang.Thread.run(Thread.java:1583) ~[na:na]

2026-05-02T14:39:03.039+05:30 ERROR 10716 --- [nio-8080-exec-1] o.a.c.c.C.[.[.[/].[dispatcherServlet]    : Servlet.service() for servlet [dispatcherServlet] threw exception

org.apache.jasper.JasperException: /WEB-INF/views/layout/header.jsp (line: [1], column: [48]) [Include directive]: Mandatory attribute [file] missing
	at org.apache.jasper.compiler.DefaultErrorHandler.jspError(DefaultErrorHandler.java:41) ~[tomcat-embed-jasper-10.1.20.jar:10.1.20]
	at org.apache.jasper.compiler.ErrorDispatcher.dispatch(ErrorDispatcher.java:299) ~[tomcat-embed-jasper-10.1.20.jar:10.1.20]
	at org.apache.jasper.compiler.ErrorDispatcher.jspError(ErrorDispatcher.java:99) ~[tomcat-embed-jasper-10.1.20.jar:10.1.20]
	at org.apache.jasper.compiler.JspUtil.checkAttributes(JspUtil.java:187) ~[tomcat-embed-jasper-10.1.20.jar:10.1.20]
	at org.apache.jasper.compiler.Validator$ValidateVisitor.visit(Validator.java:562) ~[tomcat-embed-jasper-10.1.20.jar:10.1.20]
	at org.apache.jasper.compiler.Node$IncludeDirective.accept(Node.java:642) ~[tomcat-embed-jasper-10.1.20.jar:10.1.20]
	at org.apache.jasper.compiler.Node$Nodes.visit(Node.java:2383) ~[tomcat-embed-jasper-10.1.20.jar:10.1.20]
	at org.apache.jasper.compiler.Node$Visitor.visitBody(Node.java:2439) ~[tomcat-embed-jasper-10.1.20.jar:10.1.20]
	at org.apache.jasper.compiler.Node$Visitor.visit(Node.java:2445) ~[tomcat-embed-jasper-10.1.20.jar:10.1.20]
	at org.apache.jasper.compiler.Node$Root.accept(Node.java:469) ~[tomcat-embed-jasper-10.1.20.jar:10.1.20]
	at org.apache.jasper.compiler.Node$Nodes.visit(Node.java:2383) ~[tomcat-embed-jasper-10.1.20.jar:10.1.20]
	at org.apache.jasper.compiler.Node$Visitor.visitBody(Node.java:2439) ~[tomcat-embed-jasper-10.1.20.jar:10.1.20]
	at org.apache.jasper.compiler.Validator$ValidateVisitor.visit(Validator.java:564) ~[tomcat-embed-jasper-10.1.20.jar:10.1.20]
	at org.apache.jasper.compiler.Node$IncludeDirective.accept(Node.java:642) ~[tomcat-embed-jasper-10.1.20.jar:10.1.20]
	at org.apache.jasper.compiler.Node$Nodes.visit(Node.java:2383) ~[tomcat-embed-jasper-10.1.20.jar:10.1.20]
	at org.apache.jasper.compiler.Node$Visitor.visitBody(Node.java:2439) ~[tomcat-embed-jasper-10.1.20.jar:10.1.20]
	at org.apache.jasper.compiler.Node$Visitor.visit(Node.java:2445) ~[tomcat-embed-jasper-10.1.20.jar:10.1.20]
	at org.apache.jasper.compiler.Node$Root.accept(Node.java:469) ~[tomcat-embed-jasper-10.1.20.jar:10.1.20]
	at org.apache.jasper.compiler.Node$Nodes.visit(Node.java:2383) ~[tomcat-embed-jasper-10.1.20.jar:10.1.20]
	at org.apache.jasper.compiler.Validator.validateExDirectives(Validator.java:1885) ~[tomcat-embed-jasper-10.1.20.jar:10.1.20]
	at org.apache.jasper.compiler.Compiler.generateJava(Compiler.java:229) ~[tomcat-embed-jasper-10.1.20.jar:10.1.20]
	at org.apache.jasper.compiler.Compiler.compile(Compiler.java:396) ~[tomcat-embed-jasper-10.1.20.jar:10.1.20]
	at org.apache.jasper.compiler.Compiler.compile(Compiler.java:372) ~[tomcat-embed-jasper-10.1.20.jar:10.1.20]
	at org.apache.jasper.compiler.Compiler.compile(Compiler.java:356) ~[tomcat-embed-jasper-10.1.20.jar:10.1.20]
	at org.apache.jasper.JspCompilationContext.compile(JspCompilationContext.java:603) ~[tomcat-embed-jasper-10.1.20.jar:10.1.20]
	at org.apache.jasper.servlet.JspServletWrapper.service(JspServletWrapper.java:396) ~[tomcat-embed-jasper-10.1.20.jar:10.1.20]
	at org.apache.jasper.servlet.JspServlet.serviceJspFile(JspServlet.java:380) ~[tomcat-embed-jasper-10.1.20.jar:10.1.20]
	at org.apache.jasper.servlet.JspServlet.service(JspServlet.java:328) ~[tomcat-embed-jasper-10.1.20.jar:10.1.20]
	at jakarta.servlet.http.HttpServlet.service(HttpServlet.java:658) ~[tomcat-embed-core-10.1.20.jar:6.0]
	at org.apache.catalina.core.ApplicationFilterChain.internalDoFilter(ApplicationFilterChain.java:206) ~[tomcat-embed-core-10.1.20.jar:10.1.20]
	at org.apache.catalina.core.ApplicationFilterChain.doFilter(ApplicationFilterChain.java:150) ~[tomcat-embed-core-10.1.20.jar:10.1.20]
	at org.springframework.web.filter.OncePerRequestFilter.doFilterNestedErrorDispatch(OncePerRequestFilter.java:248) ~[spring-web-6.1.6.jar:6.1.6]
	at org.springframework.web.filter.OncePerRequestFilter.doFilter(OncePerRequestFilter.java:105) ~[spring-web-6.1.6.jar:6.1.6]
	at org.apache.catalina.core.ApplicationFilterChain.internalDoFilter(ApplicationFilterChain.java:175) ~[tomcat-embed-core-10.1.20.jar:10.1.20]
	at org.apache.catalina.core.ApplicationFilterChain.doFilter(ApplicationFilterChain.java:150) ~[tomcat-embed-core-10.1.20.jar:10.1.20]
	at org.springframework.web.filter.OncePerRequestFilter.doFilter(OncePerRequestFilter.java:101) ~[spring-web-6.1.6.jar:6.1.6]
	at org.apache.catalina.core.ApplicationFilterChain.internalDoFilter(ApplicationFilterChain.java:175) ~[tomcat-embed-core-10.1.20.jar:10.1.20]
	at org.apache.catalina.core.ApplicationFilterChain.doFilter(ApplicationFilterChain.java:150) ~[tomcat-embed-core-10.1.20.jar:10.1.20]
	at org.springframework.web.filter.OncePerRequestFilter.doFilter(OncePerRequestFilter.java:101) ~[spring-web-6.1.6.jar:6.1.6]
	at org.apache.catalina.core.ApplicationFilterChain.internalDoFilter(ApplicationFilterChain.java:175) ~[tomcat-embed-core-10.1.20.jar:10.1.20]
	at org.apache.catalina.core.ApplicationFilterChain.doFilter(ApplicationFilterChain.java:150) ~[tomcat-embed-core-10.1.20.jar:10.1.20]
	at org.apache.catalina.core.ApplicationDispatcher.invoke(ApplicationDispatcher.java:653) ~[tomcat-embed-core-10.1.20.jar:10.1.20]
	at org.apache.catalina.core.ApplicationDispatcher.processRequest(ApplicationDispatcher.java:421) ~[tomcat-embed-core-10.1.20.jar:10.1.20]
	at org.apache.catalina.core.ApplicationDispatcher.doForward(ApplicationDispatcher.java:340) ~[tomcat-embed-core-10.1.20.jar:10.1.20]
	at org.apache.catalina.core.ApplicationDispatcher.forward(ApplicationDispatcher.java:277) ~[tomcat-embed-core-10.1.20.jar:10.1.20]
	at org.springframework.web.servlet.view.InternalResourceView.renderMergedOutputModel(InternalResourceView.java:171) ~[spring-webmvc-6.1.6.jar:6.1.6]
	at org.springframework.web.servlet.view.AbstractView.render(AbstractView.java:314) ~[spring-webmvc-6.1.6.jar:6.1.6]
	at org.springframework.web.servlet.DispatcherServlet.render(DispatcherServlet.java:1431) ~[spring-webmvc-6.1.6.jar:6.1.6]
	at org.springframework.web.servlet.DispatcherServlet.processDispatchResult(DispatcherServlet.java:1167) ~[spring-webmvc-6.1.6.jar:6.1.6]
	at org.springframework.web.servlet.DispatcherServlet.doDispatch(DispatcherServlet.java:1106) ~[spring-webmvc-6.1.6.jar:6.1.6]
	at org.springframework.web.servlet.DispatcherServlet.doService(DispatcherServlet.java:979) ~[spring-webmvc-6.1.6.jar:6.1.6]
	at org.springframework.web.servlet.FrameworkServlet.processRequest(FrameworkServlet.java:1014) ~[spring-webmvc-6.1.6.jar:6.1.6]
	at org.springframework.web.servlet.FrameworkServlet.doGet(FrameworkServlet.java:903) ~[spring-webmvc-6.1.6.jar:6.1.6]
	at jakarta.servlet.http.HttpServlet.service(HttpServlet.java:564) ~[tomcat-embed-core-10.1.20.jar:6.0]
	at org.springframework.web.servlet.FrameworkServlet.service(FrameworkServlet.java:885) ~[spring-webmvc-6.1.6.jar:6.1.6]
	at jakarta.servlet.http.HttpServlet.service(HttpServlet.java:658) ~[tomcat-embed-core-10.1.20.jar:6.0]
	at org.apache.catalina.core.ApplicationFilterChain.internalDoFilter(ApplicationFilterChain.java:206) ~[tomcat-embed-core-10.1.20.jar:10.1.20]
	at org.apache.catalina.core.ApplicationFilterChain.doFilter(ApplicationFilterChain.java:150) ~[tomcat-embed-core-10.1.20.jar:10.1.20]
	at org.springframework.web.filter.RequestContextFilter.doFilterInternal(RequestContextFilter.java:100) ~[spring-web-6.1.6.jar:6.1.6]
	at org.springframework.web.filter.OncePerRequestFilter.doFilter(OncePerRequestFilter.java:116) ~[spring-web-6.1.6.jar:6.1.6]
	at org.apache.catalina.core.ApplicationFilterChain.internalDoFilter(ApplicationFilterChain.java:175) ~[tomcat-embed-core-10.1.20.jar:10.1.20]
	at org.apache.catalina.core.ApplicationFilterChain.doFilter(ApplicationFilterChain.java:150) ~[tomcat-embed-core-10.1.20.jar:10.1.20]
	at org.springframework.web.filter.OncePerRequestFilter.doFilter(OncePerRequestFilter.java:101) ~[spring-web-6.1.6.jar:6.1.6]
	at org.apache.catalina.core.ApplicationFilterChain.internalDoFilter(ApplicationFilterChain.java:175) ~[tomcat-embed-core-10.1.20.jar:10.1.20]
	at org.apache.catalina.core.ApplicationFilterChain.doFilter(ApplicationFilterChain.java:150) ~[tomcat-embed-core-10.1.20.jar:10.1.20]
	at org.springframework.web.filter.OncePerRequestFilter.doFilter(OncePerRequestFilter.java:101) ~[spring-web-6.1.6.jar:6.1.6]
	at org.apache.catalina.core.ApplicationFilterChain.internalDoFilter(ApplicationFilterChain.java:175) ~[tomcat-embed-core-10.1.20.jar:10.1.20]
	at org.apache.catalina.core.ApplicationFilterChain.doFilter(ApplicationFilterChain.java:150) ~[tomcat-embed-core-10.1.20.jar:10.1.20]
	at org.apache.catalina.core.ApplicationDispatcher.invoke(ApplicationDispatcher.java:653) ~[tomcat-embed-core-10.1.20.jar:10.1.20]
	at org.apache.catalina.core.ApplicationDispatcher.processRequest(ApplicationDispatcher.java:421) ~[tomcat-embed-core-10.1.20.jar:10.1.20]
	at org.apache.catalina.core.ApplicationDispatcher.doForward(ApplicationDispatcher.java:340) ~[tomcat-embed-core-10.1.20.jar:10.1.20]
	at org.apache.catalina.core.ApplicationDispatcher.forward(ApplicationDispatcher.java:277) ~[tomcat-embed-core-10.1.20.jar:10.1.20]
	at org.apache.catalina.core.StandardHostValve.custom(StandardHostValve.java:362) ~[tomcat-embed-core-10.1.20.jar:10.1.20]
	at org.apache.catalina.core.StandardHostValve.status(StandardHostValve.java:222) ~[tomcat-embed-core-10.1.20.jar:10.1.20]
	at org.apache.catalina.core.StandardHostValve.throwable(StandardHostValve.java:308) ~[tomcat-embed-core-10.1.20.jar:10.1.20]
	at org.apache.catalina.core.StandardHostValve.invoke(StandardHostValve.java:149) ~[tomcat-embed-core-10.1.20.jar:10.1.20]
	at org.apache.catalina.valves.ErrorReportValve.invoke(ErrorReportValve.java:93) ~[tomcat-embed-core-10.1.20.jar:10.1.20]
	at org.apache.catalina.core.StandardEngineValve.invoke(StandardEngineValve.java:74) ~[tomcat-embed-core-10.1.20.jar:10.1.20]
	at org.apache.catalina.connector.CoyoteAdapter.service(CoyoteAdapter.java:344) ~[tomcat-embed-core-10.1.20.jar:10.1.20]
	at org.apache.coyote.http11.Http11Processor.service(Http11Processor.java:391) ~[tomcat-embed-core-10.1.20.jar:10.1.20]
	at org.apache.coyote.AbstractProcessorLight.process(AbstractProcessorLight.java:63) ~[tomcat-embed-core-10.1.20.jar:10.1.20]
	at org.apache.coyote.AbstractProtocol$ConnectionHandler.process(AbstractProtocol.java:896) ~[tomcat-embed-core-10.1.20.jar:10.1.20]
	at org.apache.tomcat.util.net.NioEndpoint$SocketProcessor.doRun(NioEndpoint.java:1736) ~[tomcat-embed-core-10.1.20.jar:10.1.20]
	at org.apache.tomcat.util.net.SocketProcessorBase.run(SocketProcessorBase.java:52) ~[tomcat-embed-core-10.1.20.jar:10.1.20]
	at org.apache.tomcat.util.threads.ThreadPoolExecutor.runWorker(ThreadPoolExecutor.java:1191) ~[tomcat-embed-core-10.1.20.jar:10.1.20]
	at org.apache.tomcat.util.threads.ThreadPoolExecutor$Worker.run(ThreadPoolExecutor.java:659) ~[tomcat-embed-core-10.1.20.jar:10.1.20]
	at org.apache.tomcat.util.threads.TaskThread$WrappingRunnable.run(TaskThread.java:63) ~[tomcat-embed-core-10.1.20.jar:10.1.20]
	at java.base/java.lang.Thread.run(Thread.java:1583) ~[na:na]

2026-05-02T14:39:03.041+05:30 ERROR 10716 --- [nio-8080-exec-1] o.a.c.c.C.[Tomcat].[localhost]           : Exception Processing [ErrorPage[errorCode=0, location=/error]]

org.apache.jasper.JasperException: /WEB-INF/views/layout/header.jsp (line: [1], column: [48]) [Include directive]: Mandatory attribute [file] missing
	at org.apache.jasper.compiler.DefaultErrorHandler.jspError(DefaultErrorHandler.java:41) ~[tomcat-embed-jasper-10.1.20.jar:10.1.20]
	at org.apache.jasper.compiler.ErrorDispatcher.dispatch(ErrorDispatcher.java:299) ~[tomcat-embed-jasper-10.1.20.jar:10.1.20]
	at org.apache.jasper.compiler.ErrorDispatcher.jspError(ErrorDispatcher.java:99) ~[tomcat-embed-jasper-10.1.20.jar:10.1.20]
	at org.apache.jasper.compiler.JspUtil.checkAttributes(JspUtil.java:187) ~[tomcat-embed-jasper-10.1.20.jar:10.1.20]
	at org.apache.jasper.compiler.Validator$ValidateVisitor.visit(Validator.java:562) ~[tomcat-embed-jasper-10.1.20.jar:10.1.20]
	at org.apache.jasper.compiler.Node$IncludeDirective.accept(Node.java:642) ~[tomcat-embed-jasper-10.1.20.jar:10.1.20]
	at org.apache.jasper.compiler.Node$Nodes.visit(Node.java:2383) ~[tomcat-embed-jasper-10.1.20.jar:10.1.20]
	at org.apache.jasper.compiler.Node$Visitor.visitBody(Node.java:2439) ~[tomcat-embed-jasper-10.1.20.jar:10.1.20]
	at org.apache.jasper.compiler.Node$Visitor.visit(Node.java:2445) ~[tomcat-embed-jasper-10.1.20.jar:10.1.20]
	at org.apache.jasper.compiler.Node$Root.accept(Node.java:469) ~[tomcat-embed-jasper-10.1.20.jar:10.1.20]
	at org.apache.jasper.compiler.Node$Nodes.visit(Node.java:2383) ~[tomcat-embed-jasper-10.1.20.jar:10.1.20]
	at org.apache.jasper.compiler.Node$Visitor.visitBody(Node.java:2439) ~[tomcat-embed-jasper-10.1.20.jar:10.1.20]
	at org.apache.jasper.compiler.Validator$ValidateVisitor.visit(Validator.java:564) ~[tomcat-embed-jasper-10.1.20.jar:10.1.20]
	at org.apache.jasper.compiler.Node$IncludeDirective.accept(Node.java:642) ~[tomcat-embed-jasper-10.1.20.jar:10.1.20]
	at org.apache.jasper.compiler.Node$Nodes.visit(Node.java:2383) ~[tomcat-embed-jasper-10.1.20.jar:10.1.20]
	at org.apache.jasper.compiler.Node$Visitor.visitBody(Node.java:2439) ~[tomcat-embed-jasper-10.1.20.jar:10.1.20]
	at org.apache.jasper.compiler.Node$Visitor.visit(Node.java:2445) ~[tomcat-embed-jasper-10.1.20.jar:10.1.20]
	at org.apache.jasper.compiler.Node$Root.accept(Node.java:469) ~[tomcat-embed-jasper-10.1.20.jar:10.1.20]
	at org.apache.jasper.compiler.Node$Nodes.visit(Node.java:2383) ~[tomcat-embed-jasper-10.1.20.jar:10.1.20]
	at org.apache.jasper.compiler.Validator.validateExDirectives(Validator.java:1885) ~[tomcat-embed-jasper-10.1.20.jar:10.1.20]
	at org.apache.jasper.compiler.Compiler.generateJava(Compiler.java:229) ~[tomcat-embed-jasper-10.1.20.jar:10.1.20]
	at org.apache.jasper.compiler.Compiler.compile(Compiler.java:396) ~[tomcat-embed-jasper-10.1.20.jar:10.1.20]
	at org.apache.jasper.compiler.Compiler.compile(Compiler.java:372) ~[tomcat-embed-jasper-10.1.20.jar:10.1.20]
	at org.apache.jasper.compiler.Compiler.compile(Compiler.java:356) ~[tomcat-embed-jasper-10.1.20.jar:10.1.20]
	at org.apache.jasper.JspCompilationContext.compile(JspCompilationContext.java:603) ~[tomcat-embed-jasper-10.1.20.jar:10.1.20]
	at org.apache.jasper.servlet.JspServletWrapper.service(JspServletWrapper.java:396) ~[tomcat-embed-jasper-10.1.20.jar:10.1.20]
	at org.apache.jasper.servlet.JspServlet.serviceJspFile(JspServlet.java:380) ~[tomcat-embed-jasper-10.1.20.jar:10.1.20]
	at org.apache.jasper.servlet.JspServlet.service(JspServlet.java:328) ~[tomcat-embed-jasper-10.1.20.jar:10.1.20]
	at jakarta.servlet.http.HttpServlet.service(HttpServlet.java:658) ~[tomcat-embed-core-10.1.20.jar:6.0]
	at org.apache.catalina.core.ApplicationFilterChain.internalDoFilter(ApplicationFilterChain.java:206) ~[tomcat-embed-core-10.1.20.jar:10.1.20]
	at org.apache.catalina.core.ApplicationFilterChain.doFilter(ApplicationFilterChain.java:150) ~[tomcat-embed-core-10.1.20.jar:10.1.20]
	at org.springframework.web.filter.OncePerRequestFilter.doFilterNestedErrorDispatch(OncePerRequestFilter.java:248) ~[spring-web-6.1.6.jar:6.1.6]
	at org.springframework.web.filter.OncePerRequestFilter.doFilter(OncePerRequestFilter.java:105) ~[spring-web-6.1.6.jar:6.1.6]
	at org.apache.catalina.core.ApplicationFilterChain.internalDoFilter(ApplicationFilterChain.java:175) ~[tomcat-embed-core-10.1.20.jar:10.1.20]
	at org.apache.catalina.core.ApplicationFilterChain.doFilter(ApplicationFilterChain.java:150) ~[tomcat-embed-core-10.1.20.jar:10.1.20]
	at org.springframework.web.filter.OncePerRequestFilter.doFilter(OncePerRequestFilter.java:101) ~[spring-web-6.1.6.jar:6.1.6]
	at org.apache.catalina.core.ApplicationFilterChain.internalDoFilter(ApplicationFilterChain.java:175) ~[tomcat-embed-core-10.1.20.jar:10.1.20]
	at org.apache.catalina.core.ApplicationFilterChain.doFilter(ApplicationFilterChain.java:150) ~[tomcat-embed-core-10.1.20.jar:10.1.20]
	at org.springframework.web.filter.OncePerRequestFilter.doFilter(OncePerRequestFilter.java:101) ~[spring-web-6.1.6.jar:6.1.6]
	at org.apache.catalina.core.ApplicationFilterChain.internalDoFilter(ApplicationFilterChain.java:175) ~[tomcat-embed-core-10.1.20.jar:10.1.20]
	at org.apache.catalina.core.ApplicationFilterChain.doFilter(ApplicationFilterChain.java:150) ~[tomcat-embed-core-10.1.20.jar:10.1.20]
	at org.apache.catalina.core.ApplicationDispatcher.invoke(ApplicationDispatcher.java:653) ~[tomcat-embed-core-10.1.20.jar:10.1.20]
	at org.apache.catalina.core.ApplicationDispatcher.processRequest(ApplicationDispatcher.java:421) ~[tomcat-embed-core-10.1.20.jar:10.1.20]
	at org.apache.catalina.core.ApplicationDispatcher.doForward(ApplicationDispatcher.java:340) ~[tomcat-embed-core-10.1.20.jar:10.1.20]
	at org.apache.catalina.core.ApplicationDispatcher.forward(ApplicationDispatcher.java:277) ~[tomcat-embed-core-10.1.20.jar:10.1.20]
	at org.springframework.web.servlet.view.InternalResourceView.renderMergedOutputModel(InternalResourceView.java:171) ~[spring-webmvc-6.1.6.jar:6.1.6]
	at org.springframework.web.servlet.view.AbstractView.render(AbstractView.java:314) ~[spring-webmvc-6.1.6.jar:6.1.6]
	at org.springframework.web.servlet.DispatcherServlet.render(DispatcherServlet.java:1431) ~[spring-webmvc-6.1.6.jar:6.1.6]
	at org.springframework.web.servlet.DispatcherServlet.processDispatchResult(DispatcherServlet.java:1167) ~[spring-webmvc-6.1.6.jar:6.1.6]
	at org.springframework.web.servlet.DispatcherServlet.doDispatch(DispatcherServlet.java:1106) ~[spring-webmvc-6.1.6.jar:6.1.6]
	at org.springframework.web.servlet.DispatcherServlet.doService(DispatcherServlet.java:979) ~[spring-webmvc-6.1.6.jar:6.1.6]
	at org.springframework.web.servlet.FrameworkServlet.processRequest(FrameworkServlet.java:1014) ~[spring-webmvc-6.1.6.jar:6.1.6]
	at org.springframework.web.servlet.FrameworkServlet.doGet(FrameworkServlet.java:903) ~[spring-webmvc-6.1.6.jar:6.1.6]
	at jakarta.servlet.http.HttpServlet.service(HttpServlet.java:564) ~[tomcat-embed-core-10.1.20.jar:6.0]
	at org.springframework.web.servlet.FrameworkServlet.service(FrameworkServlet.java:885) ~[spring-webmvc-6.1.6.jar:6.1.6]
	at jakarta.servlet.http.HttpServlet.service(HttpServlet.java:658) ~[tomcat-embed-core-10.1.20.jar:6.0]
	at org.apache.catalina.core.ApplicationFilterChain.internalDoFilter(ApplicationFilterChain.java:206) ~[tomcat-embed-core-10.1.20.jar:10.1.20]
	at org.apache.catalina.core.ApplicationFilterChain.doFilter(ApplicationFilterChain.java:150) ~[tomcat-embed-core-10.1.20.jar:10.1.20]
	at org.springframework.web.filter.RequestContextFilter.doFilterInternal(RequestContextFilter.java:100) ~[spring-web-6.1.6.jar:6.1.6]
	at org.springframework.web.filter.OncePerRequestFilter.doFilter(OncePerRequestFilter.java:116) ~[spring-web-6.1.6.jar:6.1.6]
	at org.apache.catalina.core.ApplicationFilterChain.internalDoFilter(ApplicationFilterChain.java:175) ~[tomcat-embed-core-10.1.20.jar:10.1.20]
	at org.apache.catalina.core.ApplicationFilterChain.doFilter(ApplicationFilterChain.java:150) ~[tomcat-embed-core-10.1.20.jar:10.1.20]
	at org.springframework.web.filter.OncePerRequestFilter.doFilter(OncePerRequestFilter.java:101) ~[spring-web-6.1.6.jar:6.1.6]
	at org.apache.catalina.core.ApplicationFilterChain.internalDoFilter(ApplicationFilterChain.java:175) ~[tomcat-embed-core-10.1.20.jar:10.1.20]
	at org.apache.catalina.core.ApplicationFilterChain.doFilter(ApplicationFilterChain.java:150) ~[tomcat-embed-core-10.1.20.jar:10.1.20]
	at org.springframework.web.filter.OncePerRequestFilter.doFilter(OncePerRequestFilter.java:101) ~[spring-web-6.1.6.jar:6.1.6]
	at org.apache.catalina.core.ApplicationFilterChain.internalDoFilter(ApplicationFilterChain.java:175) ~[tomcat-embed-core-10.1.20.jar:10.1.20]
	at org.apache.catalina.core.ApplicationFilterChain.doFilter(ApplicationFilterChain.java:150) ~[tomcat-embed-core-10.1.20.jar:10.1.20]
	at org.apache.catalina.core.ApplicationDispatcher.invoke(ApplicationDispatcher.java:653) ~[tomcat-embed-core-10.1.20.jar:10.1.20]
	at org.apache.catalina.core.ApplicationDispatcher.processRequest(ApplicationDispatcher.java:421) ~[tomcat-embed-core-10.1.20.jar:10.1.20]
	at org.apache.catalina.core.ApplicationDispatcher.doForward(ApplicationDispatcher.java:340) ~[tomcat-embed-core-10.1.20.jar:10.1.20]
	at org.apache.catalina.core.ApplicationDispatcher.forward(ApplicationDispatcher.java:277) ~[tomcat-embed-core-10.1.20.jar:10.1.20]
	at org.apache.catalina.core.StandardHostValve.custom(StandardHostValve.java:362) ~[tomcat-embed-core-10.1.20.jar:10.1.20]
	at org.apache.catalina.core.StandardHostValve.status(StandardHostValve.java:222) ~[tomcat-embed-core-10.1.20.jar:10.1.20]
	at org.apache.catalina.core.StandardHostValve.throwable(StandardHostValve.java:308) ~[tomcat-embed-core-10.1.20.jar:10.1.20]
	at org.apache.catalina.core.StandardHostValve.invoke(StandardHostValve.java:149) ~[tomcat-embed-core-10.1.20.jar:10.1.20]
	at org.apache.catalina.valves.ErrorReportValve.invoke(ErrorReportValve.java:93) ~[tomcat-embed-core-10.1.20.jar:10.1.20]
	at org.apache.catalina.core.StandardEngineValve.invoke(StandardEngineValve.java:74) ~[tomcat-embed-core-10.1.20.jar:10.1.20]
	at org.apache.catalina.connector.CoyoteAdapter.service(CoyoteAdapter.java:344) ~[tomcat-embed-core-10.1.20.jar:10.1.20]
	at org.apache.coyote.http11.Http11Processor.service(Http11Processor.java:391) ~[tomcat-embed-core-10.1.20.jar:10.1.20]
	at org.apache.coyote.AbstractProcessorLight.process(AbstractProcessorLight.java:63) ~[tomcat-embed-core-10.1.20.jar:10.1.20]
	at org.apache.coyote.AbstractProtocol$ConnectionHandler.process(AbstractProtocol.java:896) ~[tomcat-embed-core-10.1.20.jar:10.1.20]
	at org.apache.tomcat.util.net.NioEndpoint$SocketProcessor.doRun(NioEndpoint.java:1736) ~[tomcat-embed-core-10.1.20.jar:10.1.20]
	at org.apache.tomcat.util.net.SocketProcessorBase.run(SocketProcessorBase.java:52) ~[tomcat-embed-core-10.1.20.jar:10.1.20]
	at org.apache.tomcat.util.threads.ThreadPoolExecutor.runWorker(ThreadPoolExecutor.java:1191) ~[tomcat-embed-core-10.1.20.jar:10.1.20]
	at org.apache.tomcat.util.threads.ThreadPoolExecutor$Worker.run(ThreadPoolExecutor.java:659) ~[tomcat-embed-core-10.1.20.jar:10.1.20]
	at org.apache.tomcat.util.threads.TaskThread$WrappingRunnable.run(TaskThread.java:63) ~[tomcat-embed-core-10.1.20.jar:10.1.20]
	at java.base/java.lang.Thread.run(Thread.java:1583) ~[na:na]

